// Jest Snapshot v1, https://goo.gl/fbAQLP

exports[`Content renders properly 1`] = `
ShallowWrapper {
  "length": 1,
  Symbol(enzyme.__root__): [Circular],
  Symbol(enzyme.__unrendered__): <Content
    fetchWeather={[Function]}
    geoError={[Function]}
    noGeo={[Function]}
    useGeoLocation={[Function]}
    weather={
        Object {
            "current": Object {
              "dt": 1522346340,
              "main": Object {
                "humidity": 43,
                "pressure": 1019,
                "temp": 65.84,
                "temp_max": 69.8,
                "temp_min": 59,
              },
              "sunrise": 1522331019,
              "sunset": 1522375970,
              "weather": Array [
                Object {
                  "description": "haze",
                  "icon": "50d",
                  "id": 721,
                  "main": "Haze",
                },
                Object {
                  "description": "mist",
                  "icon": "50d",
                  "id": 701,
                  "main": "Mist",
                },
              ],
            },
          }
    }
/>,
  Symbol(enzyme.__renderer__): Object {
    "batchedUpdates": [Function],
    "getNode": [Function],
    "render": [Function],
    "simulateEvent": [Function],
    "unmount": [Function],
  },
  Symbol(enzyme.__node__): Object {
    "instance": null,
    "key": undefined,
    "nodeType": "host",
    "props": Object {
      "children": <div
        className="cont"
>
        <Current
                current={
                        Object {
                                "dt": 1522346340,
                                "main": Object {
                                  "humidity": 43,
                                  "pressure": 1019,
                                  "temp": 65.84,
                                  "temp_max": 69.8,
                                  "temp_min": 59,
                                },
                                "sunrise": 1522331019,
                                "sunset": 1522375970,
                                "weather": Array [
                                  Object {
                                    "description": "haze",
                                    "icon": "50d",
                                    "id": 721,
                                    "main": "Haze",
                                  },
                                  Object {
                                    "description": "mist",
                                    "icon": "50d",
                                    "id": 701,
                                    "main": "Mist",
                                  },
                                ],
                              }
                }
        />
</div>,
      "className": "outer",
    },
    "ref": null,
    "rendered": Object {
      "instance": null,
      "key": undefined,
      "nodeType": "host",
      "props": Object {
        "children": Array [
          <Current
            current={
                        Object {
                                    "dt": 1522346340,
                                    "main": Object {
                                      "humidity": 43,
                                      "pressure": 1019,
                                      "temp": 65.84,
                                      "temp_max": 69.8,
                                      "temp_min": 59,
                                    },
                                    "sunrise": 1522331019,
                                    "sunset": 1522375970,
                                    "weather": Array [
                                      Object {
                                        "description": "haze",
                                        "icon": "50d",
                                        "id": 721,
                                        "main": "Haze",
                                      },
                                      Object {
                                        "description": "mist",
                                        "icon": "50d",
                                        "id": 701,
                                        "main": "Mist",
                                      },
                                    ],
                                  }
            }
/>,
          Array [],
        ],
        "className": "cont",
      },
      "ref": null,
      "rendered": Array [
        Object {
          "instance": null,
          "key": undefined,
          "nodeType": "class",
          "props": Object {
            "current": Object {
              "dt": 1522346340,
              "main": Object {
                "humidity": 43,
                "pressure": 1019,
                "temp": 65.84,
                "temp_max": 69.8,
                "temp_min": 59,
              },
              "sunrise": 1522331019,
              "sunset": 1522375970,
              "weather": Array [
                Object {
                  "description": "haze",
                  "icon": "50d",
                  "id": 721,
                  "main": "Haze",
                },
                Object {
                  "description": "mist",
                  "icon": "50d",
                  "id": 701,
                  "main": "Mist",
                },
              ],
            },
          },
          "ref": null,
          "rendered": null,
          "type": [Function],
        },
      ],
      "type": "div",
    },
    "type": "div",
  },
  Symbol(enzyme.__nodes__): Array [
    Object {
      "instance": null,
      "key": undefined,
      "nodeType": "host",
      "props": Object {
        "children": <div
          className="cont"
>
          <Current
                    current={
                              Object {
                                        "dt": 1522346340,
                                        "main": Object {
                                          "humidity": 43,
                                          "pressure": 1019,
                                          "temp": 65.84,
                                          "temp_max": 69.8,
                                          "temp_min": 59,
                                        },
                                        "sunrise": 1522331019,
                                        "sunset": 1522375970,
                                        "weather": Array [
                                          Object {
                                            "description": "haze",
                                            "icon": "50d",
                                            "id": 721,
                                            "main": "Haze",
                                          },
                                          Object {
                                            "description": "mist",
                                            "icon": "50d",
                                            "id": 701,
                                            "main": "Mist",
                                          },
                                        ],
                                      }
                    }
          />
</div>,
        "className": "outer",
      },
      "ref": null,
      "rendered": Object {
        "instance": null,
        "key": undefined,
        "nodeType": "host",
        "props": Object {
          "children": Array [
            <Current
              current={
                            Object {
                                          "dt": 1522346340,
                                          "main": Object {
                                            "humidity": 43,
                                            "pressure": 1019,
                                            "temp": 65.84,
                                            "temp_max": 69.8,
                                            "temp_min": 59,
                                          },
                                          "sunrise": 1522331019,
                                          "sunset": 1522375970,
                                          "weather": Array [
                                            Object {
                                              "description": "haze",
                                              "icon": "50d",
                                              "id": 721,
                                              "main": "Haze",
                                            },
                                            Object {
                                              "description": "mist",
                                              "icon": "50d",
                                              "id": 701,
                                              "main": "Mist",
                                            },
                                          ],
                                        }
              }
/>,
            Array [],
          ],
          "className": "cont",
        },
        "ref": null,
        "rendered": Array [
          Object {
            "instance": null,
            "key": undefined,
            "nodeType": "class",
            "props": Object {
              "current": Object {
                "dt": 1522346340,
                "main": Object {
                  "humidity": 43,
                  "pressure": 1019,
                  "temp": 65.84,
                  "temp_max": 69.8,
                  "temp_min": 59,
                },
                "sunrise": 1522331019,
                "sunset": 1522375970,
                "weather": Array [
                  Object {
                    "description": "haze",
                    "icon": "50d",
                    "id": 721,
                    "main": "Haze",
                  },
                  Object {
                    "description": "mist",
                    "icon": "50d",
                    "id": 701,
                    "main": "Mist",
                  },
                ],
              },
            },
            "ref": null,
            "rendered": null,
            "type": [Function],
          },
        ],
        "type": "div",
      },
      "type": "div",
    },
  ],
  Symbol(enzyme.__options__): Object {
    "adapter": ReactSixteenAdapter {
      "options": Object {
        "enableComponentDidUpdateOnSetState": true,
      },
    },
  },
}
`;
