// Jest Snapshot v1, https://goo.gl/fbAQLP

exports[`Current renders correctly 1`] = `"current"`;
