// Jest Snapshot v1, https://goo.gl/fbAQLP

exports[`ErrorMsg renders correctly 1`] = `"errorMsg"`;
