// Jest Snapshot v1, https://goo.gl/fbAQLP

exports[`Forecast renders correctly 1`] = `"forecast"`;
